// Jest Snapshot v1, https://goo.gl/fbAQLP

exports[`Sample container should render 1`] = `undefined`;
