// Jest Snapshot v1, https://goo.gl/fbAQLP

exports[`Loader Component should render 1`] = `undefined`;
