// Jest Snapshot v1, https://goo.gl/fbAQLP

exports[`Sample Component should render 1`] = `undefined`;
